Experiment: transformer_lazimpa
Seed: 456
Device: CPU (MacBook)
Started: 2026-03-18 17:06:31
======================================================================

False
Namespace(n_features=200, batches_per_epoch=100, dim_dataset=10240, force_eos=0, sender_hidden=128, receiver_hidden=256, receiver_num_layers=2, sender_num_layers=1, receiver_num_heads=4, sender_num_heads=4, sender_embedding=32, receiver_embedding=128, causal_sender=True, causal_receiver=True, sender_generate_style='in-place', sender_cell='lstm', receiver_cell='transformer', sender_entropy_coeff=0.1, receiver_entropy_coeff=0.1, probs='powerlaw', length_cost=0.01, name='transformer_lazimpa_seed456', early_stopping_thr=0.9999, dir_save='results_local/transformer_lazimpa/seed_456', unigram_pen=0.0, impatient=True, print_message=False, reg=True, random_seed=456, checkpoint_dir=None, preemptable=False, checkpoint_freq=0, validation_freq=1, n_epochs=100, load_from_checkpoint=None, no_cuda=True, batch_size=16, optimizer='adam', lr=0.001, vocab_size=20, max_len=15, tensorboard=False, tensorboard_dir='runs/', cuda=False, device='cpu')
the probs are:  [0.17012498 0.08506249 0.05670833 0.04253124 0.03402499 0.02835416
 0.02430357 0.02126562 0.01890277 0.0170125  0.01546591 0.01417708
 0.01308654 0.01215178 0.01134167 0.01063281 0.01000735 0.00945139
 0.00895395 0.00850625 0.00810119 0.00773295 0.00739674 0.00708854
 0.006805   0.00654327 0.00630092 0.00607589 0.00586638 0.00567083
 0.0054879  0.00531641 0.0051553  0.00500368 0.00486071 0.00472569
 0.00459797 0.00447697 0.00436218 0.00425312 0.00414939 0.00405059
 0.00395639 0.00386648 0.00378055 0.00369837 0.00361968 0.00354427
 0.00347194 0.0034025  0.00333578 0.00327163 0.00320991 0.00315046
 0.00309318 0.00303795 0.00298465 0.00293319 0.00288347 0.00283542
 0.00278893 0.00274395 0.0027004  0.0026582  0.00261731 0.00257765
 0.00253918 0.00250184 0.00246558 0.00243036 0.00239613 0.00236285
 0.00233048 0.00229899 0.00226833 0.00223849 0.00220942 0.00218109
 0.00215348 0.00212656 0.00210031 0.00207469 0.0020497  0.0020253
 0.00200147 0.0019782  0.00195546 0.00193324 0.00191152 0.00189028
 0.00186951 0.00184918 0.0018293  0.00180984 0.00179079 0.00177214
 0.00175387 0.00173597 0.00171843 0.00170125 0.00168441 0.00166789
 0.0016517  0.00163582 0.00162024 0.00160495 0.00158995 0.00157523
 0.00156078 0.00154659 0.00153266 0.00151897 0.00150553 0.00149232
 0.00147935 0.00146659 0.00145406 0.00144174 0.00142962 0.00141771
 0.00140599 0.00139447 0.00138313 0.00137198 0.001361   0.0013502
 0.00133957 0.0013291  0.0013188  0.00130865 0.00129866 0.00128883
 0.00127914 0.00126959 0.00126019 0.00125092 0.00124179 0.00123279
 0.00122392 0.00121518 0.00120656 0.00119806 0.00118969 0.00118142
 0.00117328 0.00116524 0.00115731 0.00114949 0.00114178 0.00113417
 0.00112666 0.00111924 0.00111193 0.00110471 0.00109758 0.00109054
 0.0010836  0.00107674 0.00106997 0.00106328 0.00105668 0.00105015
 0.00104371 0.00103735 0.00103106 0.00102485 0.00101871 0.00101265
 0.00100666 0.00100074 0.00099488 0.0009891  0.00098338 0.00097773
 0.00097214 0.00096662 0.00096116 0.00095576 0.00095042 0.00094514
 0.00093992 0.00093475 0.00092964 0.00092459 0.00091959 0.00091465
 0.00090976 0.00090492 0.00090013 0.00089539 0.00089071 0.00088607
 0.00088148 0.00087693 0.00087244 0.00086798 0.00086358 0.00085922
 0.0008549  0.00085062]
/opt/anaconda3/lib/python3.13/site-packages/torch/nn/modules/activation.py:1336: UserWarning: Support for mismatched key_padding_mask and attn_mask is deprecated. Use same type for both instead.
  key_padding_mask = F._canonical_mask(
Epoch: 0
Impatient score=15
input: 0 -> message: 0 -> output: 0
input: 1 -> message: 7,0 -> output: 0
input: 2 -> message: 12,4,4,4,4,13,4,4,4,13,4,4,4,13,4 -> output: 0
input: 3 -> message: 7,0 -> output: 0
input: 4 -> message: 7,0 -> output: 0
input: 5 -> message: 12,4,4,4,4,13,4,4,4,13,4,4,4,13,4 -> output: 0
input: 6 -> message: 0 -> output: 0
input: 7 -> message: 7,0 -> output: 0
input: 8 -> message: 12,4,4,4,4,13,4,4,4,13,4,4,4,13,4 -> output: 0
input: 9 -> message: 7,0 -> output: 0
input: 10 -> message: 0 -> output: 0
input: 11 -> message: 7,0 -> output: 0
input: 12 -> message: 7,0 -> output: 0
input: 13 -> message: 7,0 -> output: 0
input: 14 -> message: 7,0 -> output: 0
input: 15 -> message: 0 -> output: 0
input: 16 -> message: 7,0 -> output: 0
input: 17 -> message: 7,0 -> output: 0
input: 18 -> message: 7,0 -> output: 0
input: 19 -> message: 7,0 -> output: 0
input: 20 -> message: 7,0 -> output: 0
input: 21 -> message: 7,0 -> output: 0
input: 22 -> message: 0 -> output: 0
input: 23 -> message: 7,0 -> output: 0
input: 24 -> message: 0 -> output: 0
input: 25 -> message: 7,0 -> output: 0
input: 26 -> message: 7,0 -> output: 0
input: 27 -> message: 0 -> output: 0
input: 28 -> message: 7,0 -> output: 0
input: 29 -> message: 7,0 -> output: 0
input: 30 -> message: 7,0 -> output: 0
input: 31 -> message: 7,0 -> output: 0
input: 32 -> message: 7,0 -> output: 0
input: 33 -> message: 7,0 -> output: 0
input: 34 -> message: 7,0 -> output: 0
input: 35 -> message: 7,0 -> output: 0
input: 36 -> message: 7,0 -> output: 0
input: 37 -> message: 7,0 -> output: 0
input: 38 -> message: 7,0 -> output: 0
input: 39 -> message: 7,0 -> output: 0
input: 40 -> message: 7,0 -> output: 0
input: 41 -> message: 7,0 -> output: 0
input: 42 -> message: 7,0 -> output: 0
input: 43 -> message: 7,0 -> output: 0
input: 44 -> message: 7,0 -> output: 0
input: 45 -> message: 7,0 -> output: 0
input: 46 -> message: 7,0 -> output: 0
input: 47 -> message: 12,4,4,4,4,13,4,4,4,13,4,4,4,13,4 -> output: 0
input: 48 -> message: 7,0 -> output: 0
input: 49 -> message: 7,0 -> output: 0
input: 50 -> message: 7,0 -> output: 0
input: 51 -> message: 7,0 -> output: 0
input: 52 -> message: 7,0 -> output: 0
input: 53 -> message: 7,0 -> output: 0
input: 54 -> message: 7,0 -> output: 0
input: 55 -> message: 7,0 -> output: 0
input: 56 -> message: 7,0 -> output: 0
input: 57 -> message: 0 -> output: 0
input: 58 -> message: 7,0 -> output: 0
input: 59 -> message: 0 -> output: 0
input: 60 -> message: 7,0 -> output: 0
input: 61 -> message: 7,0 -> output: 0
input: 62 -> message: 7,0 -> output: 0
input: 63 -> message: 7,0 -> output: 0
input: 64 -> message: 7,0 -> output: 0
input: 65 -> message: 0 -> output: 0
input: 66 -> message: 0 -> output: 0
input: 67 -> message: 0 -> output: 0
input: 68 -> message: 0 -> output: 0
input: 69 -> message: 7,0 -> output: 0
input: 70 -> message: 7,0 -> output: 0
input: 71 -> message: 0 -> output: 0
input: 72 -> message: 7,0 -> output: 0
input: 73 -> message: 7,0 -> output: 0
input: 74 -> message: 7,0 -> output: 0
input: 75 -> message: 7,0 -> output: 0
input: 76 -> message: 7,0 -> output: 0
input: 77 -> message: 7,0 -> output: 0
input: 78 -> message: 7,0 -> output: 0
input: 79 -> message: 7,0 -> output: 0
input: 80 -> message: 7,0 -> output: 0
input: 81 -> message: 7,0 -> output: 0
input: 82 -> message: 7,0 -> output: 0
input: 83 -> message: 7,0 -> output: 0
input: 84 -> message: 0 -> output: 0
input: 85 -> message: 7,0 -> output: 0
input: 86 -> message: 7,0 -> output: 0
input: 87 -> message: 0 -> output: 0
input: 88 -> message: 7,0 -> output: 0
input: 89 -> message: 7,0 -> output: 0
input: 90 -> message: 7,0 -> output: 0
input: 91 -> message: 0 -> output: 0
input: 92 -> message: 7,0 -> output: 0
input: 93 -> message: 0 -> output: 0
input: 94 -> message: 7,0 -> output: 0
input: 95 -> message: 0 -> output: 0
input: 96 -> message: 7,0 -> output: 0
input: 97 -> message: 7,0 -> output: 0
input: 98 -> message: 7,0 -> output: 0
input: 99 -> message: 7,0 -> output: 0
input: 100 -> message: 12,4,4,4,4,13,4,4,4,13,4,4,4,13,4 -> output: 0
input: 101 -> message: 7,0 -> output: 0
input: 102 -> message: 7,0 -> output: 0
input: 103 -> message: 7,0 -> output: 0
input: 104 -> message: 7,0 -> output: 0
input: 105 -> message: 7,0 -> output: 0
input: 106 -> message: 7,0 -> output: 0
input: 107 -> message: 7,0 -> output: 0
input: 108 -> message: 0 -> output: 0
input: 109 -> message: 12,4,4,4,4,13,4,4,4,13,4,4,4,13,4 -> output: 0
input: 110 -> message: 7,0 -> output: 0
input: 111 -> message: 7,0 -> output: 0
input: 112 -> message: 7,0 -> output: 0
input: 113 -> message: 0 -> output: 0
input: 114 -> message: 7,0 -> output: 0
input: 115 -> message: 7,0 -> output: 0
input: 116 -> message: 7,0 -> output: 0
input: 117 -> message: 7,0 -> output: 0
input: 118 -> message: 7,0 -> output: 0
input: 119 -> message: 7,0 -> output: 0
input: 120 -> message: 7,0 -> output: 0
input: 121 -> message: 7,0 -> output: 0
input: 122 -> message: 7,0 -> output: 0
input: 123 -> message: 7,0 -> output: 0
input: 124 -> message: 7,0 -> output: 0
input: 125 -> message: 7,0 -> output: 0
input: 126 -> message: 0 -> output: 0
input: 127 -> message: 0 -> output: 0
input: 128 -> message: 7,0 -> output: 0
input: 129 -> message: 0 -> output: 0
input: 130 -> message: 7,0 -> output: 0
input: 131 -> message: 7,0 -> output: 0
input: 132 -> message: 7,0 -> output: 0
input: 133 -> message: 7,0 -> output: 0
input: 134 -> message: 0 -> output: 0
input: 135 -> message: 7,0 -> output: 0
input: 136 -> message: 7,0 -> output: 0
input: 137 -> message: 7,0 -> output: 0
input: 138 -> message: 7,0 -> output: 0
input: 139 -> message: 7,0 -> output: 0
input: 140 -> message: 7,0 -> output: 0
input: 141 -> message: 7,0 -> output: 0
input: 142 -> message: 7,0 -> output: 0
input: 143 -> message: 7,0 -> output: 0
input: 144 -> message: 7,0 -> output: 0
input: 145 -> message: 0 -> output: 0
input: 146 -> message: 7,0 -> output: 0
input: 147 -> message: 7,0 -> output: 0
input: 148 -> message: 7,0 -> output: 0
input: 149 -> message: 0 -> output: 0
input: 150 -> message: 7,0 -> output: 0
input: 151 -> message: 0 -> output: 0
input: 152 -> message: 7,0 -> output: 0
input: 153 -> message: 7,0 -> output: 0
input: 154 -> message: 7,0 -> output: 0
input: 155 -> message: 0 -> output: 0
input: 156 -> message: 7,0 -> output: 0
input: 157 -> message: 7,0 -> output: 0
input: 158 -> message: 0 -> output: 0
input: 159 -> message: 7,0 -> output: 0
input: 160 -> message: 7,0 -> output: 0
input: 161 -> message: 7,0 -> output: 0
input: 162 -> message: 0 -> output: 0
input: 163 -> message: 7,0 -> output: 0
input: 164 -> message: 0 -> output: 0
input: 165 -> message: 0 -> output: 0
input: 166 -> message: 7,0 -> output: 0
input: 167 -> message: 7,0 -> output: 0
input: 168 -> message: 7,0 -> output: 0
input: 169 -> message: 0 -> output: 0
input: 170 -> message: 7,0 -> output: 0
input: 171 -> message: 7,0 -> output: 0
input: 172 -> message: 7,0 -> output: 0
input: 173 -> message: 7,0 -> output: 0
input: 174 -> message: 7,0 -> output: 0
input: 175 -> message: 0 -> output: 0
input: 176 -> message: 0 -> output: 0
input: 177 -> message: 0 -> output: 0
input: 178 -> message: 0 -> output: 0
input: 179 -> message: 7,0 -> output: 0
input: 180 -> message: 0 -> output: 0
input: 181 -> message: 7,0 -> output: 0
input: 182 -> message: 7,0 -> output: 0
input: 183 -> message: 7,0 -> output: 0
input: 184 -> message: 0 -> output: 0
input: 185 -> message: 0 -> output: 0
input: 186 -> message: 7,0 -> output: 0
input: 187 -> message: 0 -> output: 0
input: 188 -> message: 7,0 -> output: 0
input: 189 -> message: 7,0 -> output: 0
input: 190 -> message: 7,0 -> output: 0
input: 191 -> message: 7,0 -> output: 0
input: 192 -> message: 7,0 -> output: 0
input: 193 -> message: 7,0 -> output: 0
input: 194 -> message: 0 -> output: 0
input: 195 -> message: 7,0 -> output: 0
input: 196 -> message: 0 -> output: 0
input: 197 -> message: 7,0 -> output: 0
input: 198 -> message: 7,0 -> output: 0
input: 199 -> message: 7,0 -> output: 0
{"powerlaw": 0.17012497782707214, "unif": 0.005}
Epoch: 1
Impatient score=15
Epoch: 2
Impatient score=15
Epoch: 3
Impatient score=15
Epoch: 4
Impatient score=15
Epoch: 5
Impatient score=14
Epoch: 6
Impatient score=15
Epoch: 7
Impatient score=15
Epoch: 8
Impatient score=15
Epoch: 9
Impatient score=15
Epoch: 10
Impatient score=15
Epoch: 11
Impatient score=15
Epoch: 12
Impatient score=15
Epoch: 13
Impatient score=15
Epoch: 14
Impatient score=15
Epoch: 15
Impatient score=15
Epoch: 16
Impatient score=15
Epoch: 17
Impatient score=15
Epoch: 18
Impatient score=16
Epoch: 19
Impatient score=14
Epoch: 20
Impatient score=15
Epoch: 21
Impatient score=15
Epoch: 22
Impatient score=15
Epoch: 23
Impatient score=1
Epoch: 24
Impatient score=15
Epoch: 25
Impatient score=15
{"powerlaw": 0.17012497782707214, "unif": 0.005}
Epoch: 26
Impatient score=29
Epoch: 27
Impatient score=15
Epoch: 28
Impatient score=15
Epoch: 29
Impatient score=19
Epoch: 30
Impatient score=15
Epoch: 31
Impatient score=15
Epoch: 32
Impatient score=15
Epoch: 33
Impatient score=15
Epoch: 34
Impatient score=15
Epoch: 35
Impatient score=15
Epoch: 36
Impatient score=15
Epoch: 37
Impatient score=15
Epoch: 38
Impatient score=15
Epoch: 39
Impatient score=15
Epoch: 40
Impatient score=15
Epoch: 41
Impatient score=15
Epoch: 42
Impatient score=15
Epoch: 43
Impatient score=15
Epoch: 44
Impatient score=15
Epoch: 45
Impatient score=15
Epoch: 46
Impatient score=34
Epoch: 47
Impatient score=30
Epoch: 48
Impatient score=29
Epoch: 49
Impatient score=29
Epoch: 50
Impatient score=30
{"powerlaw": 0.255187451839447, "unif": 0.01}
Epoch: 51
Impatient score=30
Epoch: 52
Impatient score=30
Epoch: 53
Impatient score=30
Epoch: 54
Impatient score=30
Epoch: 55
Impatient score=30
Epoch: 56
Impatient score=30
Epoch: 57
Impatient score=31
Epoch: 58
Impatient score=43
Epoch: 59
Impatient score=47
Epoch: 60
Impatient score=31
Epoch: 61
Impatient score=45
Epoch: 62
Impatient score=45
Epoch: 63
Impatient score=47
Epoch: 64
Impatient score=61
Epoch: 65
Impatient score=53
Epoch: 66
Impatient score=52
Epoch: 67
Impatient score=70
Epoch: 68
Impatient score=59
Epoch: 69
Impatient score=73
Epoch: 70
Impatient score=60
Epoch: 71
Impatient score=60
Epoch: 72
Impatient score=65
Epoch: 73
Impatient score=59
Epoch: 74
Impatient score=64
Epoch: 75
Impatient score=67
{"powerlaw": 0.32040202617645264, "unif": 0.02}
Epoch: 76
Impatient score=90
Epoch: 77
Impatient score=76
Epoch: 78
Impatient score=70
Epoch: 79
Impatient score=82
Epoch: 80
Impatient score=89
Epoch: 81
Impatient score=79
Epoch: 82
Impatient score=85
Epoch: 83
Impatient score=94
Epoch: 84
Impatient score=105
Epoch: 85
Impatient score=75
Epoch: 86
Impatient score=92
Epoch: 87
Impatient score=71
Epoch: 88
Impatient score=88
Epoch: 89
Impatient score=102
Epoch: 90
Impatient score=116
Epoch: 91
Impatient score=119
Epoch: 92
Impatient score=99
Epoch: 93
Impatient score=139
Epoch: 94
Impatient score=94
Epoch: 95
Impatient score=115
Epoch: 96
Impatient score=126
Epoch: 97
Impatient score=111
Epoch: 98
Impatient score=129
Epoch: 99
Impatient score=129
